▲ Next.js 16.2.9 (Turbopack)
- Local:         http://localhost:4000
- Network:       http://26.121.213.200:4000
✓ Ready in 823ms

 GET /portal 200 in 750ms (next.js: 262ms, proxy.ts: 94ms, application-code: 394ms)
 GET /api/portal/options 200 in 1579ms (next.js: 1460ms, proxy.ts: 92ms, application-code: 28ms)
 GET /portal 200 in 208ms (next.js: 20ms, proxy.ts: 16ms, application-code: 172ms)
 GET / 200 in 1162ms (next.js: 124ms, proxy.ts: 8ms, application-code: 1030ms)
 GET /?locale=en 200 in 134ms (next.js: 11ms, proxy.ts: 16ms, application-code: 107ms)
 POST / 303 in 686ms (next.js: 26ms, proxy.ts: 22ms, application-code: 637ms)
  └─ ƒ loginStaffAction({}) in 334ms src/lib/staff-auth-actions.ts
 GET /tasks/today?locale=en 200 in 855ms (next.js: 115ms, proxy.ts: 8ms, application-code: 732ms)
 GET /tasks/today?locale=en 200 in 631ms (next.js: 20ms, proxy.ts: 53ms, application-code: 558ms)
 GET /tasks/today?locale=en 200 in 898ms (next.js: 15ms, proxy.ts: 16ms, application-code: 867ms)
 GET /tasks/today?locale=en&task=success 200 in 371ms (next.js: 31ms, proxy.ts: 10ms, application-code: 331ms)
 POST /tasks/today?locale=en 303 in 711ms (next.js: 23ms, proxy.ts: 10ms, application-code: 678ms)
  └─ ƒ quickAddTaskAction({}) in 256ms src/app/(staff)/tasks/today/actions.ts
 GET /tasks/sent?locale=en 200 in 990ms (next.js: 137ms, proxy.ts: 13ms, application-code: 841ms)
 GET /deals/handoff?locale=en 200 in 1384ms (next.js: 107ms, proxy.ts: 7ms, application-code: 1269ms)
 GET /tasks/manager?locale=en 200 in 1148ms (next.js: 272ms, proxy.ts: 6ms, application-code: 870ms)
